[debug] [2026-04-29T14:39:00.842Z] ----------------------------------------------------------------------
[debug] [2026-04-29T14:39:00.843Z] Command:       /usr/bin/node /usr/bin/firebase deploy --only hosting --project vada-facepass --non-interactive
[debug] [2026-04-29T14:39:00.843Z] CLI Version:   15.2.0
[debug] [2026-04-29T14:39:00.843Z] Platform:      linux
[debug] [2026-04-29T14:39:00.844Z] Node Version:  v22.21.0
[debug] [2026-04-29T14:39:00.844Z] Time:          Wed Apr 29 2026 23:39:00 GMT+0900 (Korean Standard Time)
[debug] [2026-04-29T14:39:00.844Z] ----------------------------------------------------------------------
[debug] 
[debug] [2026-04-29T14:39:01.159Z] > command requires scopes: ["email","openid","https://www.googleapis.com/auth/cloudplatformprojects.readonly","https://www.googleapis.com/auth/firebase","https://www.googleapis.com/auth/cloud-platform"]
[debug] [2026-04-29T14:39:01.475Z] Running auto auth
[debug] [2026-04-29T14:39:01.475Z] [iam] checking project vada-facepass for permissions ["firebase.projects.get","firebasehosting.sites.update"]
[debug] [2026-04-29T14:39:01.475Z] No OAuth tokens found
[debug] [2026-04-29T14:39:01.475Z] >>> [apiv2][query] POST https://cloudresourcemanager.googleapis.com/v1/projects/vada-facepass:testIamPermissions [none]
[debug] [2026-04-29T14:39:01.475Z] >>> [apiv2][(partial)header] POST https://cloudresourcemanager.googleapis.com/v1/projects/vada-facepass:testIamPermissions x-goog-quota-user=projects/vada-facepass
[debug] [2026-04-29T14:39:01.475Z] >>> [apiv2][body] POST https://cloudresourcemanager.googleapis.com/v1/projects/vada-facepass:testIamPermissions {"permissions":["firebase.projects.get","firebasehosting.sites.update"]}
[debug] [2026-04-29T14:39:01.728Z] <<< [apiv2][status] POST https://cloudresourcemanager.googleapis.com/v1/projects/vada-facepass:testIamPermissions 200
[debug] [2026-04-29T14:39:01.728Z] <<< [apiv2][body] POST https://cloudresourcemanager.googleapis.com/v1/projects/vada-facepass:testIamPermissions {"permissions":["firebase.projects.get","firebasehosting.sites.update"]}
[debug] [2026-04-29T14:39:01.728Z] No OAuth tokens found
[debug] [2026-04-29T14:39:01.728Z] >>> [apiv2][query] GET https://firebase.googleapis.com/v1beta1/projects/vada-facepass [none]
[debug] [2026-04-29T14:39:02.241Z] <<< [apiv2][status] GET https://firebase.googleapis.com/v1beta1/projects/vada-facepass 200
[debug] [2026-04-29T14:39:02.241Z] <<< [apiv2][body] GET https://firebase.googleapis.com/v1beta1/projects/vada-facepass {"projectId":"vada-facepass","projectNumber":"115314450699","displayName":"vada-FacePass","name":"projects/vada-facepass","resources":{"hostingSite":"vada-facepass"},"state":"ACTIVE","etag":"1_310e3a30-0e09-4c3c-b569-35b97606d471"}
[info] 
[info] === Deploying to 'vada-facepass'...
[info] 
[info] i  deploying hosting 
[debug] [2026-04-29T14:39:02.243Z] No OAuth tokens found
[debug] [2026-04-29T14:39:02.243Z] >>> [apiv2][query] POST https://firebasehosting.googleapis.com/v1beta1/projects/-/sites/vada-facepass/versions [none]
[debug] [2026-04-29T14:39:02.243Z] >>> [apiv2][body] POST https://firebasehosting.googleapis.com/v1beta1/projects/-/sites/vada-facepass/versions {"status":"CREATED","labels":{"deployment-tool":"cli-firebase"}}
